Archive member included to satisfy reference by file (symbol)

C:/SEGGER_EmbeddedStudio_for_ARM_4.30c/lib/libc_v7em_fpv4_sp_d16_hard_t_le_eabi.a(libc2.o)
                              Output/nrf52832_Example Debug/Obj/SEGGER_RTT_SES.o (vsnprintf)
C:/SEGGER_EmbeddedStudio_for_ARM_4.30c/lib/libc_v7em_fpv4_sp_d16_hard_t_le_eabi.a(libc2_asm.o)
                              Output/nrf52832_Example Debug/Obj/SEGGER_RTT.o (memcpy)
C:/SEGGER_EmbeddedStudio_for_ARM_4.30c/lib/libc_v7em_fpv4_sp_d16_hard_t_le_eabi.a(libc.o)
                              C:/SEGGER_EmbeddedStudio_for_ARM_4.30c/lib/libc_v7em_fpv4_sp_d16_hard_t_le_eabi.a(libc2.o) (__heap_lock)
C:/SEGGER_EmbeddedStudio_for_ARM_4.30c/lib/libc_v7em_fpv4_sp_d16_hard_t_le_eabi.a(libc_asm.o)
                              C:/SEGGER_EmbeddedStudio_for_ARM_4.30c/lib/libc_v7em_fpv4_sp_d16_hard_t_le_eabi.a(libc2.o) (__aeabi_uldivmod)
C:/SEGGER_EmbeddedStudio_for_ARM_4.30c/lib/libdebugio_v7em_fpv4_sp_d16_hard_t_le_eabi.a(libdebugio.o)
                              Output/nrf52832_Example Debug/Obj/thumb_crt0.o (debug_fopen)
C:/SEGGER_EmbeddedStudio_for_ARM_4.30c/lib/libdebugio_mempoll_v7em_fpv4_sp_d16_hard_t_le_eabi.a(mempoll_debug_operations.o)
                              C:/SEGGER_EmbeddedStudio_for_ARM_4.30c/lib/libdebugio_v7em_fpv4_sp_d16_hard_t_le_eabi.a(libdebugio.o) (__do_debug_operation)
C:/SEGGER_EmbeddedStudio_for_ARM_4.30c/lib/libdebugio_mempoll_v7em_fpv4_sp_d16_hard_t_le_eabi.a(do_nv_debug_operation.o)
                              C:/SEGGER_EmbeddedStudio_for_ARM_4.30c/lib/libdebugio_v7em_fpv4_sp_d16_hard_t_le_eabi.a(libdebugio.o) (__do_nvdebug_operation)
C:/SEGGER_EmbeddedStudio_for_ARM_4.30c/lib/libm_v7em_fpv4_sp_d16_hard_t_le_eabi.a(libm_asm.o)
                              C:/SEGGER_EmbeddedStudio_for_ARM_4.30c/lib/libc_v7em_fpv4_sp_d16_hard_t_le_eabi.a(libc2.o) (__aeabi_dadd)
C:/SEGGER_EmbeddedStudio_for_ARM_4.30c/lib/libm_v7em_fpv4_sp_d16_hard_t_le_eabi.a(libm2.o)
                              C:/SEGGER_EmbeddedStudio_for_ARM_4.30c/lib/libvfprintf_v7em_fpv4_sp_d16_hard_t_le_eabi.o (frexp)

Discarded input sections

 .group         0x0000000000000000        0xc Output/nrf52832_Example Debug/Obj/system_nrf52.o
 .group         0x0000000000000000        0xc Output/nrf52832_Example Debug/Obj/system_nrf52.o
 .group         0x0000000000000000        0xc Output/nrf52832_Example Debug/Obj/system_nrf52.o
 .group         0x0000000000000000        0xc Output/nrf52832_Example Debug/Obj/system_nrf52.o
 .group         0x0000000000000000        0xc Output/nrf52832_Example Debug/Obj/system_nrf52.o
 .group         0x0000000000000000        0xc Output/nrf52832_Example Debug/Obj/system_nrf52.o
 .group         0x0000000000000000        0xc Output/nrf52832_Example Debug/Obj/system_nrf52.o
 .group         0x0000000000000000        0xc Output/nrf52832_Example Debug/Obj/system_nrf52.o
 .group         0x0000000000000000        0xc Output/nrf52832_Example Debug/Obj/system_nrf52.o
 .group         0x0000000000000000        0xc Output/nrf52832_Example Debug/Obj/system_nrf52.o
 .group         0x0000000000000000        0xc Output/nrf52832_Example Debug/Obj/system_nrf52.o
 .group         0x0000000000000000        0xc Output/nrf52832_Example Debug/Obj/system_nrf52.o
 .group         0x0000000000000000        0xc Output/nrf52832_Example Debug/Obj/system_nrf52.o
 .text          0x0000000000000000        0x0 Output/nrf52832_Example Debug/Obj/system_nrf52.o
 .data          0x0000000000000000        0x0 Output/nrf52832_Example Debug/Obj/system_nrf52.o
 .bss           0x0000000000000000        0x0 Output/nrf52832_Example Debug/Obj/system_nrf52.o
 .init          0x0000000000000000        0x0 Output/nrf52832_Example Debug/Obj/system_nrf52.o
 .group         0x0000000000000000        0xc Output/nrf52832_Example Debug/Obj/SEGGER_RTT.o
 .group         0x0000000000000000        0xc Output/nrf52832_Example Debug/Obj/SEGGER_RTT.o
 .group         0x0000000000000000        0xc Output/nrf52832_Example Debug/Obj/SEGGER_RTT.o
 .group         0x0000000000000000        0xc Output/nrf52832_Example Debug/Obj/SEGGER_RTT.o
 .group         0x0000000000000000        0xc Output/nrf52832_Example Debug/Obj/SEGGER_RTT.o
 .group         0x0000000000000000        0xc Output/nrf52832_Example Debug/Obj/SEGGER_RTT.o
 .text          0x0000000000000000        0x0 Output/nrf52832_Example Debug/Obj/SEGGER_RTT.o
 .data          0x0000000000000000        0x0 Output/nrf52832_Example Debug/Obj/SEGGER_RTT.o
 .bss           0x0000000000000000        0x0 Output/nrf52832_Example Debug/Obj/SEGGER_RTT.o
 .data._aTerminalId
                0x0000000000000000       0x10 Output/nrf52832_Example Debug/Obj/SEGGER_RTT.o
 .bss._ActiveTerminal
                0x0000000000000000        0x1 Output/nrf52832_Example Debug/Obj/SEGGER_RTT.o
 .text._PostTerminalSwitch
                0x0000000000000000       0x38 Output/nrf52832_Example Debug/Obj/SEGGER_RTT.o
 .text.SEGGER_RTT_ReadNoLock
[...]
Memory Configuration

Name             Origin             Length             Attributes
UNPLACED_SECTIONS 0x0000000100000000 0x0000000000000000 xw
RAM              0x0000000020000000 0x0000000000010000 xw
FLASH            0x0000000000000000 0x0000000000080000 xr
*default*        0x0000000000000000 0xffffffffffffffff

Linker script and memory map

                0x0000000000000c30                __vfprintf = __vfprintf_int_nwp
                0x0000000000000000                __vfscanf = __vfscanf_int
                0x0000000020000000                __RAM_segment_start__ = 0x20000000
                0x0000000020010000                __RAM_segment_end__ = 0x20010000
                0x0000000000010000                __RAM_segment_size__ = 0x10000
                0x0000000000000000                __FLASH_segment_start__ = 0x0
                0x0000000000080000                __FLASH_segment_end__ = 0x80000
                0x0000000000080000                __FLASH_segment_size__ = 0x80000
                0x0000000000000100                __HEAPSIZE__ = 0x100
                0x0000000000000000                __STACKSIZE_PROCESS__ = 0x0
                0x0000000000000100                __STACKSIZE__ = 0x100
                0x0000000020000000                __vectors_ram_load_start__ = ALIGN (__RAM_segment_start__, 0x100)

.vectors_ram    0x0000000020000000        0x0
                0x0000000020000000                __vectors_ram_start__ = .
 *(.vectors_ram .vectors_ram.*)
                0x0000000020000000                __vectors_ram_end__ = (__vectors_ram_start__ + SIZEOF (.vectors_ram))
                0x0000000000000000                __vectors_ram_size__ = SIZEOF (.vectors_ram)
                0x0000000020000000                __vectors_ram_load_end__ = __vectors_ram_end__
                0x0000000000000001                . = ASSERT (((__vectors_ram_start__ == __vectors_ram_end__) || ((__vectors_ram_end__ - __RAM_segment_start__) <= __RAM_segment_size__)), error: .vectors_ram is too large to fit in RAM memory segment)
                0x0000000000000000                __vectors_load_start__ = ALIGN (__FLASH_segment_start__, 0x100)

.vectors        0x0000000000000000       0xdc
                0x0000000000000000                __vectors_start__ = .
 *(.vectors .vectors.*)
 .vectors       0x0000000000000000       0xdc Output/nrf52832_Example Debug/Obj/ses_nrf52_Vectors.o
                0x0000000000000000                _vectors
                0x00000000000000dc                __vectors_end__ = (__vectors_start__ + SIZEOF (.vectors))
                0x00000000000000dc                __vectors_size__ = SIZEOF (.vectors)
                0x00000000000000dc                __vectors_load_end__ = __vectors_end__
                0x0000000000000001                . = ASSERT (((__vectors_start__ == __vectors_end__) || ((__vectors_end__ - __FLASH_segment_start__) <= __FLASH_segment_size__)), error: .vectors is too large to fit in FLASH memory segment)
                0x00000000000000dc                __init_load_start__ = ALIGN (__vectors_end__, 0x4)

.init           0x00000000000000dc      0x724
                0x00000000000000dc                __init_start__ = .
 *(.init .init.*)
 .init.SystemCoreClockUpdate
                0x00000000000000dc       0x14 Output/nrf52832_Example Debug/Obj/system_nrf52.o
                0x00000000000000dc                SystemCoreClockUpdate
 .init.SystemInit
                0x00000000000000f0      0x248 Output/nrf52832_Example Debug/Obj/system_nrf52.o
                0x00000000000000f0                SystemInit
 .init.errata_12
                0x0000000000000338       0x58 Output/nrf52832_Example Debug/Obj/system_nrf52.o
 .init.errata_16
                0x0000000000000390       0x38 Output/nrf52832_Example Debug/Obj/system_nrf52.o
 .init.errata_31
                0x00000000000003c8       0x58 Output/nrf52832_Example Debug/Obj/system_nrf52.o
 .init.errata_32
                0x0000000000000420       0x38 Output/nrf52832_Example Debug/Obj/system_nrf52.o
 .init.errata_36
                0x0000000000000458       0x58 Output/nrf52832_Example Debug/Obj/system_nrf52.o
 .init.errata_37
                0x00000000000004b0       0x38 Output/nrf52832_Example Debug/Obj/system_nrf52.o
 .init.errata_57
                0x00000000000004e8       0x38 Output/nrf52832_Example Debug/Obj/system_nrf52.o
 .init.errata_66
                0x0000000000000520       0x38 Output/nrf52832_Example Debug/Obj/system_nrf52.o
 .init.errata_108
                0x0000000000000558       0x58 Output/nrf52832_Example Debug/Obj/system_nrf52.o
 .init.errata_136
                0x00000000000005b0       0x58 Output/nrf52832_Example Debug/Obj/system_nrf52.o
 .init          0x0000000000000608      0x158 Output/nrf52832_Example Debug/Obj/thumb_crt0.o
                0x0000000000000608                _start
                0x00000000000006ba                exit
 .init          0x0000000000000760       0x40 Output/nrf52832_Example Debug/Obj/ses_nRF_Startup.o
                0x0000000000000760                Reset_Handler
 .init          0x00000000000007a0       0x60 Output/nrf52832_Example Debug/Obj/ses_nrf52_Vectors.o
                0x00000000000007a0                NMI_Handler
                0x00000000000007a2                HardFault_Handler
                0x00000000000007a4                MemoryManagement_Handler
                0x00000000000007a6                BusFault_Handler
                0x00000000000007a8                UsageFault_Handler
                0x00000000000007aa                SVC_Handler
                0x00000000000007ac                DebugMon_Handler
                0x00000000000007ae                PendSV_Handler
                0x00000000000007b0                SysTick_Handler
                0x00000000000007b4                POWER_CLOCK_IRQHandler
                0x00000000000007b6                RADIO_IRQHandler
                0x00000000000007b8                UARTE0_UART0_IRQHandler
                0x00000000000007ba                SPIM0_SPIS0_TWIM0_TWIS0_SPI0_TWI0_IRQHandler
                0x00000000000007bc                SPIM1_SPIS1_TWIM1_TWIS1_SPI1_TWI1_IRQHandler
                0x00000000000007be                NFCT_IRQHandler
                0x00000000000007c0                GPIOTE_IRQHandler
                0x00000000000007c2                SAADC_IRQHandler
                0x00000000000007c4                TIMER0_IRQHandler
                0x00000000000007c6                TIMER1_IRQHandler
                0x00000000000007c8                TIMER2_IRQHandler
                0x00000000000007ca                RTC0_IRQHandler
                0x00000000000007cc                TEMP_IRQHandler
                0x00000000000007ce                RNG_IRQHandler
                0x00000000000007d0                ECB_IRQHandler
                0x00000000000007d2                CCM_AAR_IRQHandler
                0x00000000000007d4                WDT_IRQHandler
                0x00000000000007d6                RTC1_IRQHandler
                0x00000000000007d8                QDEC_IRQHandler
                0x00000000000007da                COMP_LPCOMP_IRQHandler
                0x00000000000007dc                SWI0_EGU0_IRQHandler
                0x00000000000007de                SWI1_EGU1_IRQHandler
                0x00000000000007e0                SWI2_EGU2_IRQHandler
                0x00000000000007e2                SWI3_EGU3_IRQHandler
                0x00000000000007e4                SWI4_EGU4_IRQHandler
                0x00000000000007e6                SWI5_EGU5_IRQHandler
                0x00000000000007e8                TIMER3_IRQHandler
                0x00000000000007ea                TIMER4_IRQHandler
                0x00000000000007ec                PWM0_IRQHandler
                0x00000000000007ee                PDM_IRQHandler
                0x00000000000007f0                MWU_IRQHandler
                0x00000000000007f2                PWM1_IRQHandler
                0x00000000000007f4                PWM2_IRQHandler
                0x00000000000007f6                SPIM2_SPIS2_SPI2_IRQHandler
                0x00000000000007f8                RTC2_IRQHandler
                0x00000000000007fa                I2S_IRQHandler
                0x00000000000007fc                FPU_IRQHandler
                0x0000000000000800                __init_end__ = (__init_start__ + SIZEOF (.init))
                0x0000000000000724                __init_size__ = SIZEOF (.init)
                0x0000000000000800                __init_load_end__ = __init_end__
                0x0000000000000001                . = ASSERT (((__init_start__ == __init_end__) || ((__init_end__ - __FLASH_segment_start__) <= __FLASH_segment_size__)), error: .init is too large to fit in FLASH memory segment)
                0x0000000000000800                __init_rodata_load_start__ = ALIGN (__init_end__, 0x4)

.init_rodata    0x0000000000000800        0x0
                0x0000000000000800                __init_rodata_start__ = .
 *(.init_rodata .init_rodata.*)
                0x0000000000000800                __init_rodata_end__ = (__init_rodata_start__ + SIZEOF (.init_rodata))
                0x0000000000000000                __init_rodata_size__ = SIZEOF (.init_rodata)
                0x0000000000000800                __init_rodata_load_end__ = __init_rodata_end__
                0x0000000000000001                . = ASSERT (((__init_rodata_start__ == __init_rodata_end__) || ((__init_rodata_end__ - __FLASH_segment_start__) <= __FLASH_segment_size__)), error: .init_rodata is too large to fit in FLASH memory segment)
                0x0000000000000800                __text_load_start__ = ALIGN (__init_rodata_end__, 0x4)

.text           0x0000000000000800      0x944
                0x0000000000000800                __text_start__ = .
 *(.text .text.* .glue_7t .glue_7 .gnu.linkonce.t.* .gcc_except_table .ARM.extab* .gnu.linkonce.armextab.*)
 .glue_7        0x0000000000000800        0x0 linker stubs
 .glue_7t       0x0000000000000800        0x0 linker stubs
 .text._DoInit  0x0000000000000800       0x9c Output/nrf52832_Example Debug/Obj/SEGGER_RTT.o
 .text._WriteBlocking
                0x000000000000089c       0xb2 Output/nrf52832_Example Debug/Obj/SEGGER_RTT.o
 .text._WriteNoCheck
                0x000000000000094e       0x7e Output/nrf52832_Example Debug/Obj/SEGGER_RTT.o
 .text._GetAvailWriteSpace
                0x00000000000009cc       0x3c Output/nrf52832_Example Debug/Obj/SEGGER_RTT.o
 .text.SEGGER_RTT_WriteNoLock
                0x0000000000000a08       0x9c Output/nrf52832_Example Debug/Obj/SEGGER_RTT.o
                0x0000000000000a08                SEGGER_RTT_WriteNoLock
 .text.SEGGER_RTT_Write
                0x0000000000000aa4       0x44 Output/nrf52832_Example Debug/Obj/SEGGER_RTT.o
                0x0000000000000aa4                SEGGER_RTT_Write
 .text.printf   0x0000000000000ae8       0x32 Output/nrf52832_Example Debug/Obj/SEGGER_RTT_SES.o
                0x0000000000000ae8                printf
 *fill*         0x0000000000000b1a        0x2 
 .text.main     0x0000000000000b1c       0x2c Output/nrf52832_Example Debug/Obj/main.o
                0x0000000000000b1c                main
 .text.libc.__putc
                0x0000000000000b48       0x34 C:/SEGGER_EmbeddedStudio_for_ARM_4.30c/lib/libc_v7em_fpv4_sp_d16_hard_t_le_eabi.a(libc2.o)
                0x0000000000000b48                __putc
 .text.libc.vsnprintf
                0x0000000000000b7c       0x1c C:/SEGGER_EmbeddedStudio_for_ARM_4.30c/lib/libc_v7em_fpv4_sp_d16_hard_t_le_eabi.a(libc2.o)
                0x0000000000000b7c                vsnprintf
 .text.libc.memcpy
                0x0000000000000b98       0x52 C:/SEGGER_EmbeddedStudio_for_ARM_4.30c/lib/libc_v7em_fpv4_sp_d16_hard_t_le_eabi.a(libc2_asm.o)
                0x0000000000000b98                __aeabi_memcpy
                0x0000000000000b98                memcpy
                0x0000000000000ba4                __aeabi_memcpy8
                0x0000000000000ba4                __aeabi_memcpy4
 .text.libc.strcpy
                0x0000000000000bea       0x44 C:/SEGGER_EmbeddedStudio_for_ARM_4.30c/lib/libc_v7em_fpv4_sp_d16_hard_t_le_eabi.a(libc2_asm.o)
                0x0000000000000bea                strcpy
 *fill*         0x0000000000000c2e        0x2 
 .text.libc.__vfprintf_int_nwp
                0x0000000000000c30      0x514 C:/SEGGER_EmbeddedStudio_for_ARM_4.30c/lib/libvfprintf_v7em_fpv4_sp_d16_hard_t_le_eabi.o
                0x0000000000000c30                __vfprintf_int_nwp
                0x0000000000001144                __text_end__ = (__text_start__ + SIZEOF (.text))
                0x0000000000000944                __text_size__ = SIZEOF (.text)
                0x0000000000001144                __text_load_end__ = __text_end__

.vfp11_veneer   0x0000000100000000        0x0
 .vfp11_veneer  0x0000000100000000        0x0 linker stubs

.v4_bx          0x0000000100000000        0x0
 .v4_bx         0x0000000100000000        0x0 linker stubs

.iplt           0x0000000100000000        0x0
 .iplt          0x0000000100000000        0x0 Output/nrf52832_Example Debug/Obj/system_nrf52.o
                0x0000000000000001                . = ASSERT (((__text_start__ == __text_end__) || ((__text_end__ - __FLASH_segment_start__) <= __FLASH_segment_size__)), error: .text is too large to fit in FLASH memory segment)
                0x0000000000001144                __dtors_load_start__ = ALIGN (__text_end__, 0x4)

.dtors          0x0000000000001144        0x0
                0x0000000000001144                __dtors_start__ = .
 *(SORT_BY_NAME(.dtors.*))
 *(.dtors)
 *(.fini_array)
 *(SORT_BY_NAME(.fini_array.*))
                0x0000000000001144                __dtors_end__ = (__dtors_start__ + SIZEOF (.dtors))
                0x0000000000000000                __dtors_size__ = SIZEOF (.dtors)
                0x0000000000001144                __dtors_load_end__ = __dtors_end__
                0x0000000000000001                . = ASSERT (((__dtors_start__ == __dtors_end__) || ((__dtors_end__ - __FLASH_segment_start__) <= __FLASH_segment_size__)), error: .dtors is too large to fit in FLASH memory segment)
                0x0000000000001144                __ctors_load_start__ = ALIGN (__dtors_end__, 0x4)

.ctors          0x0000000000001144        0x0
                0x0000000000001144                __ctors_start__ = .
 *(SORT_BY_NAME(.ctors.*))
 *(.ctors)
 *(.init_array)
 *(SORT_BY_NAME(.init_array.*))
                0x0000000000001144                __ctors_end__ = (__ctors_start__ + SIZEOF (.ctors))
                0x0000000000000000                __ctors_size__ = SIZEOF (.ctors)
                0x0000000000001144                __ctors_load_end__ = __ctors_end__
                0x0000000000000001                . = ASSERT (((__ctors_start__ == __ctors_end__) || ((__ctors_end__ - __FLASH_segment_start__) <= __FLASH_segment_size__)), error: .ctors is too large to fit in FLASH memory segment)
                0x0000000000001144                __rodata_load_start__ = ALIGN (__ctors_end__, 0x4)

.rodata         0x0000000000001144       0x4c
                0x0000000000001144                __rodata_start__ = .
 *(.rodata .rodata.* .gnu.linkonce.r.*)
 .rodata        0x0000000000001144       0x17 Output/nrf52832_Example Debug/Obj/SEGGER_RTT.o
 *fill*         0x000000000000115b        0x1 
 .rodata        0x000000000000115c       0x11 Output/nrf52832_Example Debug/Obj/main.o
 *fill*         0x000000000000116d        0x3 
 .rodata.libc.__RAL_hex_lc
                0x0000000000001170       0x10 C:/SEGGER_EmbeddedStudio_for_ARM_4.30c/lib/libc_v7em_fpv4_sp_d16_hard_t_le_eabi.a(libc2.o)
                0x0000000000001170                __RAL_hex_lc
 .rodata.libc.__RAL_hex_uc
                0x0000000000001180       0x10 C:/SEGGER_EmbeddedStudio_for_ARM_4.30c/lib/libc_v7em_fpv4_sp_d16_hard_t_le_eabi.a(libc2.o)
                0x0000000000001180                __RAL_hex_uc
                0x0000000000001190                __rodata_end__ = (__rodata_start__ + SIZEOF (.rodata))
                0x000000000000004c                __rodata_size__ = SIZEOF (.rodata)
                0x0000000000001190                __rodata_load_end__ = __rodata_end__

.rel.dyn        0x0000000000000000        0x0
 .rel.iplt      0x0000000000000000        0x0 Output/nrf52832_Example Debug/Obj/system_nrf52.o
                0x0000000000000001                . = ASSERT (((__rodata_start__ == __rodata_end__) || ((__rodata_end__ - __FLASH_segment_start__) <= __FLASH_segment_size__)), error: .rodata is too large to fit in FLASH memory segment)
                0x0000000000001190                __ARM.exidx_load_start__ = ALIGN (__rodata_end__, 0x4)

.ARM.exidx      0x0000000000001190        0x0
                0x0000000000001190                __ARM.exidx_start__ = .
                0x0000000000001190                __exidx_start = __ARM.exidx_start__
 *(.ARM.exidx .ARM.exidx.*)
                0x0000000000001190                __ARM.exidx_end__ = (__ARM.exidx_start__ + SIZEOF (.ARM.exidx))
                0x0000000000000000                __ARM.exidx_size__ = SIZEOF (.ARM.exidx)
                0x0000000000001190                __exidx_end = __ARM.exidx_end__
                0x0000000000001190                __ARM.exidx_load_end__ = __ARM.exidx_end__
                0x0000000000000001                . = ASSERT (((__ARM.exidx_start__ == __ARM.exidx_end__) || ((__ARM.exidx_end__ - __FLASH_segment_start__) <= __FLASH_segment_size__)), error: .ARM.exidx is too large to fit in FLASH memory segment)
                0x0000000000001190                __fast_load_start__ = ALIGN (__ARM.exidx_end__, 0x4)

.fast           0x0000000020000000        0x0 load address 0x0000000000001190
                0x0000000020000000                __fast_start__ = .
 *(.fast .fast.*)
                0x0000000020000000                __fast_end__ = (__fast_start__ + SIZEOF (.fast))
                0x0000000000000000                __fast_size__ = SIZEOF (.fast)
                0x0000000000001190                __fast_load_end__ = (__fast_load_start__ + SIZEOF (.fast))
                0x0000000000000001                . = ASSERT (((__fast_load_start__ == __fast_load_end__) || ((__fast_load_end__ - __FLASH_segment_start__) <= __FLASH_segment_size__)), error: .fast is too large to fit in FLASH memory segment)

.fast_run       0x0000000020000000        0x0
                0x0000000020000000                __fast_run_start__ = .
                0x0000000020000000                . = MAX ((__fast_run_start__ + SIZEOF (.fast)), .)
                0x0000000020000000                __fast_run_end__ = (__fast_run_start__ + SIZEOF (.fast_run))
                0x0000000000000000                __fast_run_size__ = SIZEOF (.fast_run)
                0x0000000020000000                __fast_run_load_end__ = __fast_run_end__
                0x0000000000000001                . = ASSERT (((__fast_run_start__ == __fast_run_end__) || ((__fast_run_end__ - __RAM_segment_start__) <= __RAM_segment_size__)), error: .fast_run is too large to fit in RAM memory segment)
                0x0000000000001190                __data_load_start__ = ALIGN ((__fast_load_start__ + SIZEOF (.fast)), 0x4)

.data           0x0000000020000000        0x4 load address 0x0000000000001190
                0x0000000020000000                __data_start__ = .
 *(.data .data.* .gnu.linkonce.d.*)
 .data.SystemCoreClock
                0x0000000020000000        0x4 Output/nrf52832_Example Debug/Obj/system_nrf52.o
                0x0000000020000000                SystemCoreClock
                0x0000000020000004                __data_end__ = (__data_start__ + SIZEOF (.data))
                0x0000000000000004                __data_size__ = SIZEOF (.data)
                0x0000000000001194                __data_load_end__ = (__data_load_start__ + SIZEOF (.data))

.igot.plt       0x0000000100000000        0x0
 .igot.plt      0x0000000100000000        0x0 Output/nrf52832_Example Debug/Obj/system_nrf52.o
                0x0000000000000001                . = ASSERT (((__data_load_start__ == __data_load_end__) || ((__data_load_end__ - __FLASH_segment_start__) <= __FLASH_segment_size__)), error: .data is too large to fit in FLASH memory segment)

.data_run       0x0000000020000000        0x4 load address 0x0000000000001190
                0x0000000020000000                __data_run_start__ = .
                0x0000000020000004                . = MAX ((__data_run_start__ + SIZEOF (.data)), .)
 *fill*         0x0000000020000000        0x4 
                0x0000000020000004                __data_run_end__ = (__data_run_start__ + SIZEOF (.data_run))
                0x0000000000000004                __data_run_size__ = SIZEOF (.data_run)
                0x0000000020000004                __data_run_load_end__ = __data_run_end__
                0x0000000000000001                . = ASSERT (((__data_run_start__ == __data_run_end__) || ((__data_run_end__ - __RAM_segment_start__) <= __RAM_segment_size__)), error: .data_run is too large to fit in RAM memory segment)
                0x0000000020000004                __bss_load_start__ = ALIGN (__data_run_end__, 0x4)

.bss            0x0000000020000004      0x48c
                0x0000000020000004                __bss_start__ = .
 *(.bss .bss.* .gnu.linkonce.b.*)
 .bss._SEGGER_RTT
                0x0000000020000004       0x78 Output/nrf52832_Example Debug/Obj/SEGGER_RTT.o
                0x0000000020000004                _SEGGER_RTT
 .bss._acUpBuffer
                0x000000002000007c      0x400 Output/nrf52832_Example Debug/Obj/SEGGER_RTT.o
 .bss._acDownBuffer
                0x000000002000047c       0x10 Output/nrf52832_Example Debug/Obj/SEGGER_RTT.o
 .bss.libc.__user_format_extender
                0x000000002000048c        0x4 C:/SEGGER_EmbeddedStudio_for_ARM_4.30c/lib/libc_v7em_fpv4_sp_d16_hard_t_le_eabi.a(libc2.o)
                0x000000002000048c                __user_format_extender
 *(COMMON)
                0x0000000020000490                __bss_end__ = (__bss_start__ + SIZEOF (.bss))
                0x000000000000048c                __bss_size__ = SIZEOF (.bss)
                0x0000000020000490                __bss_load_end__ = __bss_end__
                0x0000000000000001                . = ASSERT (((__bss_start__ == __bss_end__) || ((__bss_end__ - __RAM_segment_start__) <= __RAM_segment_size__)), error: .bss is too large to fit in RAM memory segment)
                0x0000000020000490                __tbss_load_start__ = ALIGN (__bss_end__, 0x4)

.tbss           0x0000000020000490        0x0
                0x0000000020000490                __tbss_start__ = .
 *(.tbss .tbss.*)
                0x0000000020000490                __tbss_end__ = (__tbss_start__ + SIZEOF (.tbss))
                0x0000000000000000                __tbss_size__ = SIZEOF (.tbss)
                0x0000000020000490                __tbss_load_end__ = __tbss_end__
                0x0000000000000001                . = ASSERT (((__tbss_start__ == __tbss_end__) || ((__tbss_end__ - __RAM_segment_start__) <= __RAM_segment_size__)), error: .tbss is too large to fit in RAM memory segment)
                0x0000000000001194                __tdata_load_start__ = ALIGN ((__data_load_start__ + SIZEOF (.data)), 0x4)

.tdata          0x0000000020000490        0x0 load address 0x0000000000001194
                0x0000000020000490                __tdata_start__ = .
 *(.tdata .tdata.*)
                0x0000000020000490                __tdata_end__ = (__tdata_start__ + SIZEOF (.tdata))
                0x0000000000000000                __tdata_size__ = SIZEOF (.tdata)
                0x0000000000001194                __tdata_load_end__ = (__tdata_load_start__ + SIZEOF (.tdata))
                0x0000000000001194                __FLASH_segment_used_end__ = (ALIGN ((__data_load_start__ + SIZEOF (.data)), 0x4) + SIZEOF (.tdata))
                0x0000000000001194                __FLASH_segment_used_size__ = (__FLASH_segment_used_end__ - __FLASH_segment_start__)
                0x0000000000000001                . = ASSERT (((__tdata_load_start__ == __tdata_load_end__) || ((__tdata_load_end__ - __FLASH_segment_start__) <= __FLASH_segment_size__)), error: .tdata is too large to fit in FLASH memory segment)

.tdata_run      0x0000000020000490        0x0
                0x0000000020000490                __tdata_run_start__ = .
                0x0000000020000490                . = MAX ((__tdata_run_start__ + SIZEOF (.tdata)), .)
                0x0000000020000490                __tdata_run_end__ = (__tdata_run_start__ + SIZEOF (.tdata_run))
                0x0000000000000000                __tdata_run_size__ = SIZEOF (.tdata_run)
                0x0000000020000490                __tdata_run_load_end__ = __tdata_run_end__
                0x0000000000000001                . = ASSERT (((__tdata_run_start__ == __tdata_run_end__) || ((__tdata_run_end__ - __RAM_segment_start__) <= __RAM_segment_size__)), error: .tdata_run is too large to fit in RAM memory segment)
                0x0000000020000490                __non_init_load_start__ = ALIGN (__tdata_run_end__, 0x4)

.non_init       0x0000000020000490        0x0
                0x0000000020000490                __non_init_start__ = .
 *(.non_init .non_init.*)
                0x0000000020000490                __non_init_end__ = (__non_init_start__ + SIZEOF (.non_init))
                0x0000000000000000                __non_init_size__ = SIZEOF (.non_init)
                0x0000000020000490                __non_init_load_end__ = __non_init_end__
                0x0000000000000001                . = ASSERT (((__non_init_start__ == __non_init_end__) || ((__non_init_end__ - __RAM_segment_start__) <= __RAM_segment_size__)), error: .non_init is too large to fit in RAM memory segment)
                0x0000000020000490                __heap_load_start__ = ALIGN (__non_init_end__, 0x4)

.heap           0x0000000020000490      0x100
                0x0000000020000490                __heap_start__ = .
 *(.heap .heap.*)
                0x0000000020000590                . = ALIGN (MAX ((__heap_start__ + __HEAPSIZE__), .), 0x4)
 *fill*         0x0000000020000490      0x100 
                0x0000000020000590                __heap_end__ = (__heap_start__ + SIZEOF (.heap))
                0x0000000000000100                __heap_size__ = SIZEOF (.heap)
                0x0000000020000590                __heap_load_end__ = __heap_end__
                0x0000000000000001                . = ASSERT (((__heap_start__ == __heap_end__) || ((__heap_end__ - __RAM_segment_start__) <= __RAM_segment_size__)), error: .heap is too large to fit in RAM memory segment)
                0x000000002000ff00                __stack_load_start__ = (__RAM_segment_start__ + (__RAM_segment_size__ - 0x100))

.stack          0x000000002000ff00      0x100
                0x000000002000ff00                __stack_start__ = .
 *(.stack .stack.*)
                0x0000000020010000                . = ALIGN (MAX ((__stack_start__ + __STACKSIZE__), .), 0x8)
 *fill*         0x000000002000ff00      0x100 
                0x0000000020010000                __stack_end__ = (__stack_start__ + SIZEOF (.stack))
                0x0000000000000100                __stack_size__ = SIZEOF (.stack)
                0x0000000020010000                __stack_load_end__ = __stack_end__
                0x0000000000000001                . = ASSERT (((__stack_start__ == __stack_end__) || ((__stack_end__ - __RAM_segment_start__) <= __RAM_segment_size__)), error: .stack is too large to fit in RAM memory segment)
                0x0000000000000001                . = ASSERT ((__heap_end__ <= __stack_start__), error: section .heap overlaps absolute placed section .stack)
                0x0000000020010000                __stack_process_load_start__ = ALIGN (__stack_end__, 0x8)

.stack_process  0x0000000020010000        0x0
                0x0000000020010000                __stack_process_start__ = .
 *(.stack_process .stack_process.*)
                0x0000000020010000                . = ALIGN (MAX ((__stack_process_start__ + __STACKSIZE_PROCESS__), .), 0x8)
                0x0000000020010000                __stack_process_end__ = (__stack_process_start__ + SIZEOF (.stack_process))
                0x0000000000000000                __stack_process_size__ = SIZEOF (.stack_process)
                0x0000000020010000                __stack_process_load_end__ = __stack_process_end__
                0x0000000020010000                __RAM_segment_used_end__ = (ALIGN (__stack_end__, 0x8) + SIZEOF (.stack_process))
                0x0000000000010000                __RAM_segment_used_size__ = (__RAM_segment_used_end__ - __RAM_segment_start__)
                0x0000000000000001                . = ASSERT (((__stack_process_start__ == __stack_process_end__) || ((__stack_process_end__ - __RAM_segment_start__) <= __RAM_segment_size__)), error: .stack_process is too large to fit in RAM memory segment)
START GROUP
LOAD Output/nrf52832_Example Debug/Obj/system_nrf52.o
LOAD Output/nrf52832_Example Debug/Obj/SEGGER_RTT.o
LOAD Output/nrf52832_Example Debug/Obj/SEGGER_RTT_SES.o
LOAD Output/nrf52832_Example Debug/Obj/main.o
LOAD Output/nrf52832_Example Debug/Obj/thumb_crt0.o
LOAD Output/nrf52832_Example Debug/Obj/ses_nRF_Startup.o
LOAD Output/nrf52832_Example Debug/Obj/ses_nrf52_Vectors.o
LOAD C:/SEGGER_EmbeddedStudio_for_ARM_4.30c/lib/libdebugio_mempoll_v7em_fpv4_sp_d16_hard_t_le_eabi.a
LOAD C:/SEGGER_EmbeddedStudio_for_ARM_4.30c/lib/libm_v7em_fpv4_sp_d16_hard_t_le_eabi.a
LOAD C:/SEGGER_EmbeddedStudio_for_ARM_4.30c/lib/libc_v7em_fpv4_sp_d16_hard_t_le_eabi.a
LOAD C:/SEGGER_EmbeddedStudio_for_ARM_4.30c/lib/libcpp_v7em_fpv4_sp_d16_hard_t_le_eabi.a
LOAD C:/SEGGER_EmbeddedStudio_for_ARM_4.30c/lib/libdebugio_v7em_fpv4_sp_d16_hard_t_le_eabi.a
LOAD C:/SEGGER_EmbeddedStudio_for_ARM_4.30c/lib/libvfprintf_v7em_fpv4_sp_d16_hard_t_le_eabi.o
LOAD C:/SEGGER_EmbeddedStudio_for_ARM_4.30c/lib/libvfscanf_v7em_fpv4_sp_d16_hard_t_le_eabi.o
END GROUP
OUTPUT(Output/Debug/Exe/nrf52832_Example.elf elf32-littlearm)

.debug_frame    0x0000000000000000      0x690
 .debug_frame   0x0000000000000000       0xdc Output/nrf52832_Example Debug/Obj/system_nrf52.o
 .debug_frame   0x00000000000000dc      0x4bc Output/nrf52832_Example Debug/Obj/SEGGER_RTT.o
 .debug_frame   0x0000000000000598       0xc8 Output/nrf52832_Example Debug/Obj/SEGGER_RTT_SES.o
 .debug_frame   0x0000000000000660       0x30 Output/nrf52832_Example Debug/Obj/main.o

.debug_info     0x0000000000000000     0x325c
 .debug_info    0x0000000000000000      0xeb0 Output/nrf52832_Example Debug/Obj/system_nrf52.o
 .debug_info    0x0000000000000eb0     0x14ad Output/nrf52832_Example Debug/Obj/SEGGER_RTT.o
 .debug_info    0x000000000000235d      0x87a Output/nrf52832_Example Debug/Obj/SEGGER_RTT_SES.o
 .debug_info    0x0000000000002bd7      0x617 Output/nrf52832_Example Debug/Obj/main.o
 .debug_info    0x00000000000031ee       0x22 Output/nrf52832_Example Debug/Obj/thumb_crt0.o
 .debug_info    0x0000000000003210       0x26 Output/nrf52832_Example Debug/Obj/ses_nRF_Startup.o
 .debug_info    0x0000000000003236       0x26 Output/nrf52832_Example Debug/Obj/ses_nrf52_Vectors.o

.debug_abbrev   0x0000000000000000      0x75f
 .debug_abbrev  0x0000000000000000      0x1c2 Output/nrf52832_Example Debug/Obj/system_nrf52.o
 .debug_abbrev  0x00000000000001c2      0x267 Output/nrf52832_Example Debug/Obj/SEGGER_RTT.o
 .debug_abbrev  0x0000000000000429      0x1db Output/nrf52832_Example Debug/Obj/SEGGER_RTT_SES.o
 .debug_abbrev  0x0000000000000604      0x121 Output/nrf52832_Example Debug/Obj/main.o
 .debug_abbrev  0x0000000000000725       0x12 Output/nrf52832_Example Debug/Obj/thumb_crt0.o
 .debug_abbrev  0x0000000000000737       0x14 Output/nrf52832_Example Debug/Obj/ses_nRF_Startup.o
 .debug_abbrev  0x000000000000074b       0x14 Output/nrf52832_Example Debug/Obj/ses_nrf52_Vectors.o

.debug_pubnames
                0x0000000000000000      0x52a
 .debug_pubnames
                0x0000000000000000       0xf1 Output/nrf52832_Example Debug/Obj/system_nrf52.o
 .debug_pubnames
                0x00000000000000f1      0x3dc Output/nrf52832_Example Debug/Obj/SEGGER_RTT.o
 .debug_pubnames
                0x00000000000004cd       0x42 Output/nrf52832_Example Debug/Obj/SEGGER_RTT_SES.o
 .debug_pubnames
                0x000000000000050f       0x1b Output/nrf52832_Example Debug/Obj/main.o

.debug_pubtypes
                0x0000000000000000      0x5f4
 .debug_pubtypes
                0x0000000000000000      0x183 Output/nrf52832_Example Debug/Obj/system_nrf52.o
 .debug_pubtypes
                0x0000000000000183      0x178 Output/nrf52832_Example Debug/Obj/SEGGER_RTT.o
 .debug_pubtypes
                0x00000000000002fb      0x1be Output/nrf52832_Example Debug/Obj/SEGGER_RTT_SES.o
 .debug_pubtypes
                0x00000000000004b9      0x13b Output/nrf52832_Example Debug/Obj/main.o

.debug_aranges  0x0000000000000000      0x2a0
 .debug_aranges
                0x0000000000000000       0x78 Output/nrf52832_Example Debug/Obj/system_nrf52.o
 .debug_aranges
                0x0000000000000078      0x110 Output/nrf52832_Example Debug/Obj/SEGGER_RTT.o
 .debug_aranges
                0x0000000000000188       0x38 Output/nrf52832_Example Debug/Obj/SEGGER_RTT_SES.o
 .debug_aranges
                0x00000000000001c0       0x20 Output/nrf52832_Example Debug/Obj/main.o
 .debug_aranges
                0x00000000000001e0       0x80 Output/nrf52832_Example Debug/Obj/thumb_crt0.o
 .debug_aranges
                0x0000000000000260       0x20 Output/nrf52832_Example Debug/Obj/ses_nRF_Startup.o
 .debug_aranges
                0x0000000000000280       0x20 Output/nrf52832_Example Debug/Obj/ses_nrf52_Vectors.o

.debug_ranges   0x0000000000000000      0x218
 .debug_ranges  0x0000000000000000       0x68 Output/nrf52832_Example Debug/Obj/system_nrf52.o
 .debug_ranges  0x0000000000000068      0x100 Output/nrf52832_Example Debug/Obj/SEGGER_RTT.o
 .debug_ranges  0x0000000000000168       0x28 Output/nrf52832_Example Debug/Obj/SEGGER_RTT_SES.o
 .debug_ranges  0x0000000000000190       0x10 Output/nrf52832_Example Debug/Obj/main.o
 .debug_ranges  0x00000000000001a0       0x78 Output/nrf52832_Example Debug/Obj/thumb_crt0.o

.debug_macro    0x0000000000000000    0x104da
 .debug_macro   0x0000000000000000       0xac Output/nrf52832_Example Debug/Obj/system_nrf52.o
 .debug_macro   0x00000000000000ac      0xac6 Output/nrf52832_Example Debug/Obj/system_nrf52.o
 .debug_macro   0x0000000000000b72      0x1a3 Output/nrf52832_Example Debug/Obj/system_nrf52.o
 .debug_macro   0x0000000000000d15       0x22 Output/nrf52832_Example Debug/Obj/system_nrf52.o
 .debug_macro   0x0000000000000d37       0x22 Output/nrf52832_Example Debug/Obj/system_nrf52.o
 .debug_macro   0x0000000000000d59       0x2d Output/nrf52832_Example Debug/Obj/system_nrf52.o
 .debug_macro   0x0000000000000d86       0x3b Output/nrf52832_Example Debug/Obj/system_nrf52.o
 .debug_macro   0x0000000000000dc1       0x50 Output/nrf52832_Example Debug/Obj/system_nrf52.o
 .debug_macro   0x0000000000000e11      0xe66 Output/nrf52832_Example Debug/Obj/system_nrf52.o
 .debug_macro   0x0000000000001c77      0x392 Output/nrf52832_Example Debug/Obj/system_nrf52.o
 .debug_macro   0x0000000000002009     0xcc92 Output/nrf52832_Example Debug/Obj/system_nrf52.o
 .debug_macro   0x000000000000ec9b     0x1310 Output/nrf52832_Example Debug/Obj/system_nrf52.o
 .debug_macro   0x000000000000ffab       0x82 Output/nrf52832_Example Debug/Obj/system_nrf52.o
 .debug_macro   0x000000000001002d       0x22 Output/nrf52832_Example Debug/Obj/system_nrf52.o
 .debug_macro   0x000000000001004f       0xac Output/nrf52832_Example Debug/Obj/SEGGER_RTT.o
 .debug_macro   0x00000000000100fb       0x48 Output/nrf52832_Example Debug/Obj/SEGGER_RTT.o
 .debug_macro   0x0000000000010143       0x89 Output/nrf52832_Example Debug/Obj/SEGGER_RTT.o
 .debug_macro   0x00000000000101cc       0x2e Output/nrf52832_Example Debug/Obj/SEGGER_RTT.o
 .debug_macro   0x00000000000101fa       0x22 Output/nrf52832_Example Debug/Obj/SEGGER_RTT.o
 .debug_macro   0x000000000001021c      0x115 Output/nrf52832_Example Debug/Obj/SEGGER_RTT.o
 .debug_macro   0x0000000000010331       0x5c Output/nrf52832_Example Debug/Obj/SEGGER_RTT_SES.o
 .debug_macro   0x000000000001038d       0x10 Output/nrf52832_Example Debug/Obj/SEGGER_RTT_SES.o
 .debug_macro   0x000000000001039d       0x6b Output/nrf52832_Example Debug/Obj/SEGGER_RTT_SES.o
 .debug_macro   0x0000000000010408       0x32 Output/nrf52832_Example Debug/Obj/main.o
 .debug_macro   0x000000000001043a       0x78 Output/nrf52832_Example Debug/Obj/main.o
 .debug_macro   0x00000000000104b2       0x28 Output/nrf52832_Example Debug/Obj/main.o

.debug_line     0x0000000000000000     0x14cf
 .debug_line    0x0000000000000000      0x6c4 Output/nrf52832_Example Debug/Obj/system_nrf52.o
 .debug_line    0x00000000000006c4      0x8da Output/nrf52832_Example Debug/Obj/SEGGER_RTT.o
 .debug_line    0x0000000000000f9e      0x163 Output/nrf52832_Example Debug/Obj/SEGGER_RTT_SES.o
 .debug_line    0x0000000000001101       0xd6 Output/nrf52832_Example Debug/Obj/main.o
 .debug_line    0x00000000000011d7      0x1ca Output/nrf52832_Example Debug/Obj/thumb_crt0.o
 .debug_line    0x00000000000013a1       0x8b Output/nrf52832_Example Debug/Obj/ses_nRF_Startup.o
 .debug_line    0x000000000000142c       0xa3 Output/nrf52832_Example Debug/Obj/ses_nrf52_Vectors.o

.debug_str      0x0000000000000000    0x5c95b
 .debug_str     0x0000000000000000    0x5b004 Output/nrf52832_Example Debug/Obj/system_nrf52.o
                                      0x5b95e (size before relaxing)
 .debug_str     0x000000000005b004     0x16d3 Output/nrf52832_Example Debug/Obj/SEGGER_RTT.o
                                       0x4312 (size before relaxing)
 .debug_str     0x000000000005c6d7      0x191 Output/nrf52832_Example Debug/Obj/SEGGER_RTT_SES.o
                                       0x3ef5 (size before relaxing)
 .debug_str     0x000000000005c868       0x30 Output/nrf52832_Example Debug/Obj/main.o
                                       0x3573 (size before relaxing)
 .debug_str     0x000000000005c898       0x3f Output/nrf52832_Example Debug/Obj/thumb_crt0.o
                                         0x63 (size before relaxing)
 .debug_str     0x000000000005c8d7       0x41 Output/nrf52832_Example Debug/Obj/ses_nRF_Startup.o
                                         0x73 (size before relaxing)
 .debug_str     0x000000000005c918       0x43 Output/nrf52832_Example Debug/Obj/ses_nrf52_Vectors.o
                                         0x75 (size before relaxing)

.comment        0x0000000000000000       0x43
 .comment       0x0000000000000000       0x43 Output/nrf52832_Example Debug/Obj/system_nrf52.o
                                         0x44 (size before relaxing)
 .comment       0x0000000000000043       0x44 Output/nrf52832_Example Debug/Obj/SEGGER_RTT.o
 .comment       0x0000000000000043       0x44 Output/nrf52832_Example Debug/Obj/SEGGER_RTT_SES.o
 .comment       0x0000000000000043       0x44 Output/nrf52832_Example Debug/Obj/main.o
 .comment       0x0000000000000043       0x44 C:/SEGGER_EmbeddedStudio_for_ARM_4.30c/lib/libc_v7em_fpv4_sp_d16_hard_t_le_eabi.a(libc2.o)
 .comment       0x0000000000000043       0x44 C:/SEGGER_EmbeddedStudio_for_ARM_4.30c/lib/libvfprintf_v7em_fpv4_sp_d16_hard_t_le_eabi.o

.ARM.attributes
                0x0000000000000000       0x37
 .ARM.attributes
                0x0000000000000000       0x39 Output/nrf52832_Example Debug/Obj/system_nrf52.o
 .ARM.attributes
                0x0000000000000039       0x39 Output/nrf52832_Example Debug/Obj/SEGGER_RTT.o
 .ARM.attributes
                0x0000000000000072       0x39 Output/nrf52832_Example Debug/Obj/SEGGER_RTT_SES.o
 .ARM.attributes
                0x00000000000000ab       0x39 Output/nrf52832_Example Debug/Obj/main.o
 .ARM.attributes
                0x00000000000000e4       0x25 Output/nrf52832_Example Debug/Obj/thumb_crt0.o
 .ARM.attributes
                0x0000000000000109       0x25 Output/nrf52832_Example Debug/Obj/ses_nRF_Startup.o
 .ARM.attributes
                0x000000000000012e       0x25 Output/nrf52832_Example Debug/Obj/ses_nrf52_Vectors.o
 .ARM.attributes
                0x0000000000000153       0x34 C:/SEGGER_EmbeddedStudio_for_ARM_4.30c/lib/libc_v7em_fpv4_sp_d16_hard_t_le_eabi.a(libc2.o)
 .ARM.attributes
                0x0000000000000187       0x20 C:/SEGGER_EmbeddedStudio_for_ARM_4.30c/lib/libc_v7em_fpv4_sp_d16_hard_t_le_eabi.a(libc2_asm.o)
 .ARM.attributes
                0x00000000000001a7       0x34 C:/SEGGER_EmbeddedStudio_for_ARM_4.30c/lib/libvfprintf_v7em_fpv4_sp_d16_hard_t_le_eabi.o
